▲ Next.js 16.2.12 (Turbopack)
- Local:         http://localhost:3000
- Network:       http://192.168.1.14:3000
- Environments: .env.local
✓ Ready in 1568ms

○ Compiling / ...
 GET / 200 in 21.2s (next.js: 19.4s, application-code: 1764ms)
 GET / 200 in 491ms (next.js: 55ms, application-code: 436ms)
 GET / 200 in 251ms (next.js: 50ms, application-code: 201ms)
 GET / 200 in 298ms (next.js: 62ms, application-code: 236ms)
✓ Compiled in 612ms
 GET / 200 in 852ms (next.js: 407ms, application-code: 445ms)
 GET / 200 in 220ms (next.js: 60ms, application-code: 160ms)
 GET / 200 in 884ms (next.js: 90ms, application-code: 794ms)
[browser] Image with src "/Logo.png" was detected as the Largest Contentful Paint (LCP). Please add the `loading="eager"` property if this image is above the fold.
Read more: https://nextjs.org/docs/app/api-reference/components/image#loading
✓ Compiled in 863ms
 GET / 200 in 978ms (next.js: 561ms, application-code: 417ms)
 GET / 200 in 179ms (next.js: 70ms, application-code: 110ms)
 GET / 200 in 466ms (next.js: 14ms, application-code: 452ms)
[browser] A tree hydrated but some attributes of the server rendered HTML didn't match the client properties. This won't be patched up. This can happen if a SSR-ed Client Component used:

- A server/client branch `if (typeof window !== 'undefined')`.
- Variable input such as `Date.now()` or `Math.random()` which changes each time it's called.
- Date formatting in a user's locale which doesn't match the server.
- External changing data without sending a snapshot of it along with the HTML.
- Invalid HTML tag nesting.

It can also happen if the client has a browser extension installed which messes with the HTML before React loaded.

https://react.dev/link/hydration-mismatch

  ...
    <HotReload globalError={[...]} webSocket={WebSocket} staticIndicatorState={{pathname:null, ...}}>
      <AppDevOverlayErrorBoundary globalError={[...]}>
        <ReplaySsrOnlyErrors>
        <DevRootHTTPAccessFallbackBoundary>
          <HTTPAccessFallbackBoundary notFound={<NotAllowedRootHTTPFallbackError>}>
            <HTTPAccessFallbackErrorBoundary pathname="/" notFound={<NotAllowedRootHTTPFallbackError>} ...>
              <RedirectBoundary>
                <RedirectErrorBoundary router={{...}}>
                  <Head>
                  <__next_root_layout_boundary__>
                    <SegmentViewNode type="layout" pagePath="layout.tsx">
                      <SegmentTrieNode>
                      <link>
                      <script>
                      <script>
                      <RootLayout>
                        <html lang="en" className="ubuntu_c77...">
                          <body
                            className="min-h-full flex flex-col"
-                           cz-shortcut-listen="true"
                          >
                  ...
 
